bash: /home/ali/PROJECTS/Finmint/config/test.sh: No such file or directory
bash: /home/ali/PROJECTS/Finmint/config/test.sh: No such file or directory
bash: /home/ali/PROJECTS/Finmint/config/test.sh: No such file or directory
bash: /home/ali/PROJECTS/Finmint/config/test.sh: No such file or directory
bash: /home/ali/PROJECTS/Finmint/config/test.sh: No such file or directory
bash: /home/ali/PROJECTS/Finmint/config/test.sh: No such file or directory
bash: /home/ali/PROJECTS/Finmint/config/test.sh: No such file or directory
